../Core/Src/main.c:130:1:__io_putchar	16	static
../Core/Src/main.c:139:6:go2App	24	static,ignoring_inline_asm
../Core/Src/main.c:164:10:crc16	24	static
../Core/Src/main.c:181:17:GetSector	24	static
../Core/Src/main.c:221:10:Flash_Write_Data	40	static
../Core/Src/main.c:279:10:Erase_All_Sector	16	static
../Core/Src/main.c:307:5:main	16	static
../Core/Src/main.c:407:6:SystemClock_Config	88	static
../Core/Src/main.c:455:13:MX_USART2_UART_Init	8	static
../Core/Src/main.c:488:13:MX_GPIO_Init	32	static
../Core/Src/main.c:519:6:Error_Handler	4	static,ignoring_inline_asm
